2026-08-29T16:07:09.198Z INFO  HelperUpdateNotifier: helperUpdateNotifierStarted
2026-08-29T16:07:09.198Z INFO  Plugin: pluginStarted pluginUuid=com.ez.sho-metrics buildMode=production logLevel=info platform=linux nodeVersion=v26.7.0 registeredActionCount=10
2026-08-29T16:07:09.202Z WARN  Source:WindowsHelper: windowsHelperServiceStatusUnknown reason=queryFailed
2026-08-29T16:07:09.219Z INFO  MetricAction: metricCollectionSubscriptionResolved actionId=sd-AD4MA6191357S6.Default.Keypad.0.0 actionKind=cpu pollingFrequencySeconds=1 pollingIntervalMs=1000 metricCount=2 metricKeys=cpu.usage_percent,cpu.model
2026-08-29T16:07:09.220Z INFO  BackgroundCollectionBinding: backgroundCollectionBindingStarted subscriberId=sd-AD4MA6191357S6.Default.Keypad.0.0 intervalMs=1000 metricCount=2 metricKeys=cpu.model,cpu.usage_percent
2026-08-29T16:07:09.222Z INFO  MetricAction: metricCollectionSubscriptionResolved actionId=sd-AD4MA6191357S6.Default.Keypad.2.0 actionKind=gpu pollingFrequencySeconds=1 pollingIntervalMs=1000 metricCount=2 metricKeys=gpu.usage_percent,gpu.model
2026-08-29T16:07:09.222Z INFO  BackgroundCollectionBinding: backgroundCollectionBindingStarted subscriberId=sd-AD4MA6191357S6.Default.Keypad.2.0 intervalMs=1000 metricCount=2 metricKeys=gpu.model,gpu.usage_percent
2026-08-29T16:07:09.223Z INFO  BackgroundCollectionBinding: backgroundCollectionBindingStopped subscriberId=sd-AD4MA6191357S6.Default.Keypad.0.0 metricCount=2
2026-08-29T16:07:09.223Z INFO  MetricAction: metricCollectionSubscriptionResolved actionId=sd-AD4MA6191357S6.Default.Keypad.0.0 actionKind=cpu pollingFrequencySeconds=1 pollingIntervalMs=1000 metricCount=2 metricKeys=cpu.usage_percent,cpu.model
2026-08-29T16:07:09.223Z INFO  BackgroundCollectionBinding: backgroundCollectionBindingStarted subscriberId=sd-AD4MA6191357S6.Default.Keypad.0.0 intervalMs=1000 metricCount=2 metricKeys=cpu.model,cpu.usage_percent
2026-08-29T16:07:09.223Z INFO  BackgroundCollectionBinding: backgroundCollectionBindingStopped subscriberId=sd-AD4MA6191357S6.Default.Keypad.2.0 metricCount=2
2026-08-29T16:07:09.223Z INFO  MetricAction: metricCollectionSubscriptionResolved actionId=sd-AD4MA6191357S6.Default.Keypad.2.0 actionKind=gpu pollingFrequencySeconds=1 pollingIntervalMs=1000 metricCount=2 metricKeys=gpu.usage_percent,gpu.model
2026-08-29T16:07:09.223Z INFO  BackgroundCollectionBinding: backgroundCollectionBindingStarted subscriberId=sd-AD4MA6191357S6.Default.Keypad.2.0 intervalMs=1000 metricCount=2 metricKeys=gpu.model,gpu.usage_percent
2026-08-29T16:07:09.224Z INFO  BackgroundCollectionBinding: backgroundCollectionBindingStopped subscriberId=sd-AD4MA6191357S6.Default.Keypad.0.0 metricCount=2
2026-08-29T16:07:09.224Z INFO  MetricAction: metricCollectionSubscriptionResolved actionId=sd-AD4MA6191357S6.Default.Keypad.0.0 actionKind=cpu pollingFrequencySeconds=1 pollingIntervalMs=1000 metricCount=2 metricKeys=cpu.usage_percent,cpu.model
2026-08-29T16:07:09.224Z INFO  BackgroundCollectionBinding: backgroundCollectionBindingStarted subscriberId=sd-AD4MA6191357S6.Default.Keypad.0.0 intervalMs=1000 metricCount=2 metricKeys=cpu.model,cpu.usage_percent
2026-08-29T16:07:09.224Z INFO  BackgroundCollectionBinding: backgroundCollectionBindingStopped subscriberId=sd-AD4MA6191357S6.Default.Keypad.2.0 metricCount=2
2026-08-29T16:07:09.224Z INFO  MetricAction: metricCollectionSubscriptionResolved actionId=sd-AD4MA6191357S6.Default.Keypad.2.0 actionKind=gpu pollingFrequencySeconds=1 pollingIntervalMs=1000 metricCount=2 metricKeys=gpu.usage_percent,gpu.model
2026-08-29T16:07:09.224Z INFO  BackgroundCollectionBinding: backgroundCollectionBindingStarted subscriberId=sd-AD4MA6191357S6.Default.Keypad.2.0 intervalMs=1000 metricCount=2 metricKeys=gpu.model,gpu.usage_percent
2026-08-29T16:07:09.233Z INFO  MetricStoreIngestDiagnostics: metricStoreFirstScalarDiagnosticSamples sourceId=node-system sourceScopeId=local groupKind=sourceDeclared groupId=cpu sampleCount=1 deferredSampleCount=0 samples=cpu.usage_percent=9.95649:1 intervalMs=1000
2026-08-29T16:07:09.242Z INFO  Source:WindowsHelper: windowsHelperDescriptorCatalogLoaded reason=descriptorLoaded descriptorCount=119 pollingGroupCount=19 fingerprint=linux:119:5013
2026-08-29T16:07:09.705Z INFO  MetricStoreIngestDiagnostics: metricStoreFirstScalarDiagnosticSamples sourceId=node-system sourceScopeId=local groupKind=sourceDeclared groupId=gpu sampleCount=6 deferredSampleCount=0 samples=gpu.usage_percent=2:1,gpu.temp=43:2,gpu.vram_used=2804940800:7,gpu.vram_total=34190917632:7,gpu.power=51.4900:5,gpu.power_limit=600:5 intervalMs=1000
2026-08-29T16:07:09.883Z INFO  MetricAction: metricCollectionSubscriptionResolved actionId=sd-AD4MA6191357S6.Default.Keypad.0.0 actionKind=cpu pollingFrequencySeconds=1 pollingIntervalMs=1000 metricCount=2 metricKeys=cpu.usage_percent,cpu.model
2026-08-29T16:07:09.883Z INFO  MetricAction: metricCollectionSubscriptionResolved actionId=sd-AD4MA6191357S6.Default.Keypad.2.0 actionKind=gpu pollingFrequencySeconds=1 pollingIntervalMs=1000 metricCount=2 metricKeys=gpu.usage_percent,gpu.model
2026-08-29T16:07:10.237Z INFO  MetricStoreIngestDiagnostics: metricStoreFirstScalarDiagnosticSamples sourceId=node-system sourceScopeId=local groupKind=sourceDeclared groupId=cpu sampleCount=1 deferredSampleCount=0 samples=cpu.base_frequency=4300000000:6 intervalMs=1000
2026-08-29T16:07:10.278Z INFO  HelperUpdateNotifier: helperUpdateCheckStarted installedVersion=0.2.0
2026-08-29T16:07:10.278Z INFO  HelperUpdateFeed: helperUpdateFeedResolved appcastUrl=https://shometrics.github.io/update/windows-appcast.xml channel=prod phasedRolloutGroup=none
2026-08-29T16:07:10.301Z INFO  HelperUpdateNotifier: helperUpdateNoticeResolved state=none urgency=none availableVersion=none trigger=feedRead changed=false
2026-08-29T16:07:14.872Z INFO  CollectorGroupRunner: collectorGroupRefresh status=refreshed sourceId=node-system sourceScopeId=local groupKind=sourceDeclared groupId=gpu metricCount=1 subscriberCount=1 intervalMs=1000 durationMs=1180.790293 backoffDelayMs=0 error=
2026-08-29T16:07:56.152Z INFO  CollectorGroupRunner: collectorGroupRefresh status=refreshed sourceId=node-system sourceScopeId=local groupKind=sourceDeclared groupId=gpu metricCount=1 subscriberCount=1 intervalMs=1000 durationMs=1253.6506200000003 backoffDelayMs=0 error=
2026-08-29T16:08:36.787Z INFO  CollectorGroupRunner: collectorGroupRefresh status=refreshed sourceId=node-system sourceScopeId=local groupKind=sourceDeclared groupId=gpu metricCount=1 subscriberCount=1 intervalMs=1000 durationMs=1180.3372939999972 backoffDelayMs=0 error=
