2026-08-29T15:53:52.739Z INFO  Plugin: pluginStarted pluginUuid=com.ez.sho-metrics buildMode=production logLevel=info platform=linux nodeVersion=v26.7.0 registeredActionCount=10
2026-08-29T15:54:51.944Z INFO  MetricAction: metricCollectionSubscriptionResolved actionId=sd-AD4MA6191357S6.Default.Keypad.0.0 actionKind=cpu pollingFrequencySeconds=1 pollingIntervalMs=1000 metricCount=2 metricKeys=cpu.usage_percent,cpu.model
2026-08-29T15:54:51.944Z INFO  BackgroundCollectionBinding: backgroundCollectionBindingStarted subscriberId=sd-AD4MA6191357S6.Default.Keypad.0.0 intervalMs=1000 metricCount=2 metricKeys=cpu.model,cpu.usage_percent
2026-08-29T15:54:51.956Z INFO  MetricStoreIngestDiagnostics: metricStoreFirstScalarDiagnosticSamples sourceId=node-system sourceScopeId=local groupKind=sourceDeclared groupId=cpu sampleCount=1 deferredSampleCount=0 samples=cpu.usage_percent=9.59592:1 intervalMs=1000
2026-08-29T15:54:52.961Z INFO  MetricStoreIngestDiagnostics: metricStoreFirstScalarDiagnosticSamples sourceId=node-system sourceScopeId=local groupKind=sourceDeclared groupId=cpu sampleCount=1 deferredSampleCount=0 samples=cpu.base_frequency=4300000000:6 intervalMs=1000
2026-08-29T15:55:36.024Z INFO  MetricAction: settingsReceived actionId=sd-AD4MA6191357S6.Default.Keypad.0.0 previousWidget=singleMetric:circle nextWidget=singleMetric:line previousPollingFrequencySeconds=1 nextPollingFrequencySeconds=1
2026-08-29T15:55:36.024Z INFO  MetricAction: metricCollectionSubscriptionResolved actionId=sd-AD4MA6191357S6.Default.Keypad.0.0 actionKind=cpu pollingFrequencySeconds=1 pollingIntervalMs=1000 metricCount=2 metricKeys=cpu.usage_percent,cpu.model
2026-08-29T15:55:36.024Z INFO  MetricViewUpdateRunner: settingsViewScheduled actionId=sd-AD4MA6191357S6.Default.Keypad.0.0 metricKey=cpu.usage_percent renderPrimitive=sparkline viewKind=singleMetric isRenderInFlight=false isQueued=false activeUpdates=0 queueLength=0
2026-08-29T15:55:36.027Z INFO  MetricViewUpdateRunner: settingsViewUpdateDone phase=setImageDone actionId=sd-AD4MA6191357S6.Default.Keypad.0.0 metricKey=cpu.usage_percent renderPrimitive=sparkline queuedMs=0 composeMs=1 rasterizeMs=1 sdkPromiseMs=1 totalMs=3
2026-08-29T15:55:41.931Z INFO  MetricAction: settingsReceived actionId=sd-AD4MA6191357S6.Default.Keypad.0.0 previousWidget=singleMetric:line nextWidget=singleMetric:line previousPollingFrequencySeconds=1 nextPollingFrequencySeconds=1
2026-08-29T15:55:41.931Z INFO  MetricAction: metricCollectionSubscriptionResolved actionId=sd-AD4MA6191357S6.Default.Keypad.0.0 actionKind=cpu pollingFrequencySeconds=1 pollingIntervalMs=1000 metricCount=2 metricKeys=cpu.usage_percent,cpu.model
2026-08-29T15:55:42.856Z INFO  MetricAction: settingsReceived actionId=sd-AD4MA6191357S6.Default.Keypad.0.0 previousWidget=singleMetric:line nextWidget=singleMetric:line previousPollingFrequencySeconds=1 nextPollingFrequencySeconds=1
2026-08-29T15:55:42.856Z INFO  MetricAction: metricCollectionSubscriptionResolved actionId=sd-AD4MA6191357S6.Default.Keypad.0.0 actionKind=cpu pollingFrequencySeconds=1 pollingIntervalMs=1000 metricCount=2 metricKeys=cpu.usage_percent,cpu.model
2026-08-29T15:55:44.119Z INFO  MetricAction: settingsReceived actionId=sd-AD4MA6191357S6.Default.Keypad.0.0 previousWidget=singleMetric:line nextWidget=singleMetric:line previousPollingFrequencySeconds=1 nextPollingFrequencySeconds=1
2026-08-29T15:55:44.119Z INFO  MetricAction: metricCollectionSubscriptionResolved actionId=sd-AD4MA6191357S6.Default.Keypad.0.0 actionKind=cpu pollingFrequencySeconds=1 pollingIntervalMs=1000 metricCount=2 metricKeys=cpu.usage_percent,cpu.model
2026-08-29T15:55:44.733Z INFO  MetricAction: settingsReceived actionId=sd-AD4MA6191357S6.Default.Keypad.0.0 previousWidget=singleMetric:line nextWidget=singleMetric:line previousPollingFrequencySeconds=1 nextPollingFrequencySeconds=1
2026-08-29T15:55:44.733Z INFO  MetricAction: metricCollectionSubscriptionResolved actionId=sd-AD4MA6191357S6.Default.Keypad.0.0 actionKind=cpu pollingFrequencySeconds=1 pollingIntervalMs=1000 metricCount=2 metricKeys=cpu.usage_percent,cpu.model
2026-08-29T15:55:46.719Z INFO  MetricAction: settingsReceived actionId=sd-AD4MA6191357S6.Default.Keypad.0.0 previousWidget=singleMetric:line nextWidget=singleMetric:line previousPollingFrequencySeconds=1 nextPollingFrequencySeconds=1
2026-08-29T15:55:46.719Z INFO  MetricAction: metricCollectionSubscriptionResolved actionId=sd-AD4MA6191357S6.Default.Keypad.0.0 actionKind=cpu pollingFrequencySeconds=1 pollingIntervalMs=1000 metricCount=2 metricKeys=cpu.usage_percent,cpu.model
2026-08-29T15:55:46.719Z INFO  MetricViewUpdateRunner: settingsViewScheduled actionId=sd-AD4MA6191357S6.Default.Keypad.0.0 metricKey=cpu.usage_percent renderPrimitive=sparkline viewKind=singleMetric isRenderInFlight=false isQueued=false activeUpdates=0 queueLength=0
2026-08-29T15:55:46.723Z INFO  MetricViewUpdateRunner: settingsViewUpdateDone phase=setImageDone actionId=sd-AD4MA6191357S6.Default.Keypad.0.0 metricKey=cpu.usage_percent renderPrimitive=sparkline queuedMs=1 composeMs=1 rasterizeMs=2 sdkPromiseMs=0 totalMs=4
2026-08-29T15:55:55.652Z INFO  MetricAction: settingsReceived actionId=sd-AD4MA6191357S6.Default.Keypad.0.0 previousWidget=singleMetric:line nextWidget=singleMetric:bar previousPollingFrequencySeconds=1 nextPollingFrequencySeconds=1
2026-08-29T15:55:55.652Z INFO  MetricAction: metricCollectionSubscriptionResolved actionId=sd-AD4MA6191357S6.Default.Keypad.0.0 actionKind=cpu pollingFrequencySeconds=1 pollingIntervalMs=1000 metricCount=2 metricKeys=cpu.usage_percent,cpu.model
2026-08-29T15:55:59.879Z INFO  MetricAction: settingsReceived actionId=sd-AD4MA6191357S6.Default.Keypad.0.0 previousWidget=singleMetric:bar nextWidget=singleMetric:bar previousPollingFrequencySeconds=1 nextPollingFrequencySeconds=1
2026-08-29T15:55:59.879Z INFO  MetricAction: metricCollectionSubscriptionResolved actionId=sd-AD4MA6191357S6.Default.Keypad.0.0 actionKind=cpu pollingFrequencySeconds=1 pollingIntervalMs=1000 metricCount=2 metricKeys=cpu.usage_percent,cpu.model
2026-08-29T15:55:59.879Z INFO  MetricViewUpdateRunner: settingsViewScheduled actionId=sd-AD4MA6191357S6.Default.Keypad.0.0 metricKey=cpu.usage_percent renderPrimitive=bar viewKind=singleMetric isRenderInFlight=false isQueued=false activeUpdates=0 queueLength=0
2026-08-29T15:55:59.881Z INFO  MetricViewUpdateRunner: settingsViewUpdateDone phase=setImageDone actionId=sd-AD4MA6191357S6.Default.Keypad.0.0 metricKey=cpu.usage_percent renderPrimitive=bar queuedMs=1 composeMs=0 rasterizeMs=1 sdkPromiseMs=0 totalMs=2
2026-08-29T15:56:00.809Z INFO  MetricAction: settingsReceived actionId=sd-AD4MA6191357S6.Default.Keypad.0.0 previousWidget=singleMetric:bar nextWidget=singleMetric:bar previousPollingFrequencySeconds=1 nextPollingFrequencySeconds=1
2026-08-29T15:56:00.809Z INFO  MetricAction: metricCollectionSubscriptionResolved actionId=sd-AD4MA6191357S6.Default.Keypad.0.0 actionKind=cpu pollingFrequencySeconds=1 pollingIntervalMs=1000 metricCount=2 metricKeys=cpu.usage_percent,cpu.model
2026-08-29T15:56:33.798Z INFO  MetricAction: metricCollectionSubscriptionResolved actionId=sd-AD4MA6191357S6.Default.Keypad.2.0 actionKind=gpu pollingFrequencySeconds=1 pollingIntervalMs=1000 metricCount=2 metricKeys=gpu.usage_percent,gpu.model
2026-08-29T15:56:33.798Z INFO  BackgroundCollectionBinding: backgroundCollectionBindingStarted subscriberId=sd-AD4MA6191357S6.Default.Keypad.2.0 intervalMs=1000 metricCount=2 metricKeys=gpu.model,gpu.usage_percent
2026-08-29T15:56:35.156Z INFO  MetricStoreIngestDiagnostics: metricStoreFirstScalarDiagnosticSamples sourceId=node-system sourceScopeId=local groupKind=sourceDeclared groupId=gpu sampleCount=6 deferredSampleCount=0 samples=gpu.usage_percent=3:1,gpu.temp=41:2,gpu.vram_used=2546991104:7,gpu.vram_total=34190917632:7,gpu.power=49.4900:5,gpu.power_limit=600:5 intervalMs=1000
2026-08-29T15:56:35.156Z INFO  CollectorGroupRunner: collectorGroupRefresh status=refreshed sourceId=node-system sourceScopeId=local groupKind=sourceDeclared groupId=gpu metricCount=1 subscriberCount=1 intervalMs=1000 durationMs=1355.3500110000023 backoffDelayMs=0 error=
2026-08-29T15:57:07.369Z INFO  MetricAction: settingsReceived actionId=sd-AD4MA6191357S6.Default.Keypad.2.0 previousWidget=singleMetric:circle nextWidget=singleMetric:circle previousPollingFrequencySeconds=1 nextPollingFrequencySeconds=1
2026-08-29T15:57:07.369Z INFO  MetricAction: metricCollectionSubscriptionResolved actionId=sd-AD4MA6191357S6.Default.Keypad.2.0 actionKind=gpu pollingFrequencySeconds=1 pollingIntervalMs=1000 metricCount=2 metricKeys=gpu.usage_percent,gpu.model
2026-08-29T15:57:07.369Z INFO  MetricViewUpdateRunner: settingsViewScheduled actionId=sd-AD4MA6191357S6.Default.Keypad.2.0 metricKey=gpu.usage_percent renderPrimitive=circle viewKind=singleMetric isRenderInFlight=false isQueued=false activeUpdates=0 queueLength=0
2026-08-29T15:57:07.372Z INFO  MetricViewUpdateRunner: settingsViewUpdateDone phase=setImageDone actionId=sd-AD4MA6191357S6.Default.Keypad.2.0 metricKey=gpu.usage_percent renderPrimitive=circle queuedMs=0 composeMs=1 rasterizeMs=2 sdkPromiseMs=0 totalMs=3
2026-08-29T15:57:11.233Z INFO  MetricAction: settingsReceived actionId=sd-AD4MA6191357S6.Default.Keypad.2.0 previousWidget=singleMetric:circle nextWidget=singleMetric:circle previousPollingFrequencySeconds=1 nextPollingFrequencySeconds=1
2026-08-29T15:57:11.233Z INFO  MetricAction: metricCollectionSubscriptionResolved actionId=sd-AD4MA6191357S6.Default.Keypad.2.0 actionKind=gpu pollingFrequencySeconds=1 pollingIntervalMs=1000 metricCount=2 metricKeys=gpu.usage_percent,gpu.model
2026-08-29T15:57:16.175Z INFO  CollectorGroupRunner: collectorGroupRefresh status=refreshed sourceId=node-system sourceScopeId=local groupKind=sourceDeclared groupId=gpu metricCount=1 subscriberCount=1 intervalMs=1000 durationMs=1245.9296469999827 backoffDelayMs=0 error=
2026-08-29T15:57:23.142Z INFO  MetricAction: settingsReceived actionId=sd-AD4MA6191357S6.Default.Keypad.2.0 previousWidget=singleMetric:circle nextWidget=singleMetric:circle previousPollingFrequencySeconds=1 nextPollingFrequencySeconds=1
2026-08-29T15:57:23.142Z INFO  MetricAction: metricCollectionSubscriptionResolved actionId=sd-AD4MA6191357S6.Default.Keypad.2.0 actionKind=gpu pollingFrequencySeconds=1 pollingIntervalMs=1000 metricCount=2 metricKeys=gpu.usage_percent,gpu.model
2026-08-29T15:57:23.142Z INFO  MetricViewUpdateRunner: settingsViewScheduled actionId=sd-AD4MA6191357S6.Default.Keypad.2.0 metricKey=gpu.usage_percent renderPrimitive=circle viewKind=singleMetric isRenderInFlight=false isQueued=false activeUpdates=0 queueLength=0
2026-08-29T15:57:23.144Z INFO  MetricViewUpdateRunner: settingsViewUpdateDone phase=setImageDone actionId=sd-AD4MA6191357S6.Default.Keypad.2.0 metricKey=gpu.usage_percent renderPrimitive=circle queuedMs=0 composeMs=1 rasterizeMs=1 sdkPromiseMs=0 totalMs=2
2026-08-29T15:57:52.948Z INFO  CollectorGroupRunner: collectorGroupRefresh status=refreshed sourceId=node-system sourceScopeId=local groupKind=sourceDeclared groupId=gpu metricCount=1 subscriberCount=1 intervalMs=1000 durationMs=1239.0329990000173 backoffDelayMs=0 error=
2026-08-29T15:58:33.183Z INFO  CollectorGroupRunner: collectorGroupRefresh status=refreshed sourceId=node-system sourceScopeId=local groupKind=sourceDeclared groupId=gpu metricCount=1 subscriberCount=1 intervalMs=1000 durationMs=1258.6701079999912 backoffDelayMs=0 error=
2026-08-29T15:59:13.777Z INFO  CollectorGroupRunner: collectorGroupRefresh status=refreshed sourceId=node-system sourceScopeId=local groupKind=sourceDeclared groupId=gpu metricCount=1 subscriberCount=1 intervalMs=1000 durationMs=1223.1550590000115 backoffDelayMs=0 error=
2026-08-29T15:59:52.485Z INFO  CollectorGroupRunner: collectorGroupRefresh status=refreshed sourceId=node-system sourceScopeId=local groupKind=sourceDeclared groupId=gpu metricCount=1 subscriberCount=1 intervalMs=1000 durationMs=1206.8092869999819 backoffDelayMs=0 error=
2026-08-29T16:00:33.707Z INFO  CollectorGroupRunner: collectorGroupRefresh status=refreshed sourceId=node-system sourceScopeId=local groupKind=sourceDeclared groupId=gpu metricCount=1 subscriberCount=1 intervalMs=1000 durationMs=1209.5454620000091 backoffDelayMs=0 error=
2026-08-29T16:01:11.901Z INFO  CollectorGroupRunner: collectorGroupRefresh status=refreshed sourceId=node-system sourceScopeId=local groupKind=sourceDeclared groupId=gpu metricCount=1 subscriberCount=1 intervalMs=1000 durationMs=1198.6838499999722 backoffDelayMs=0 error=
2026-08-29T16:01:50.010Z INFO  CollectorGroupRunner: collectorGroupRefresh status=refreshed sourceId=node-system sourceScopeId=local groupKind=sourceDeclared groupId=gpu metricCount=1 subscriberCount=1 intervalMs=1000 durationMs=1203.771156999981 backoffDelayMs=0 error=
2026-08-29T16:02:29.234Z INFO  CollectorGroupRunner: collectorGroupRefresh status=refreshed sourceId=node-system sourceScopeId=local groupKind=sourceDeclared groupId=gpu metricCount=1 subscriberCount=1 intervalMs=1000 durationMs=1193.1501559999888 backoffDelayMs=0 error=
