2026-08-29T16:02:40.234Z INFO  HelperUpdateNotifier: helperUpdateNotifierStarted
2026-08-29T16:02:40.234Z INFO  Plugin: pluginStarted pluginUuid=com.ez.sho-metrics buildMode=production logLevel=info platform=linux nodeVersion=v26.7.0 registeredActionCount=10
2026-08-29T16:02:40.237Z WARN  Source:WindowsHelper: windowsHelperServiceStatusUnknown reason=queryFailed
2026-08-29T16:02:40.250Z INFO  MetricAction: metricCollectionSubscriptionResolved actionId=sd-AD4MA6191357S6.Default.Keypad.0.0 actionKind=cpu pollingFrequencySeconds=1 pollingIntervalMs=1000 metricCount=2 metricKeys=cpu.usage_percent,cpu.model
2026-08-29T16:02:40.251Z INFO  BackgroundCollectionBinding: backgroundCollectionBindingStarted subscriberId=sd-AD4MA6191357S6.Default.Keypad.0.0 intervalMs=1000 metricCount=2 metricKeys=cpu.model,cpu.usage_percent
2026-08-29T16:02:40.252Z INFO  MetricAction: metricCollectionSubscriptionResolved actionId=sd-AD4MA6191357S6.Default.Keypad.2.0 actionKind=gpu pollingFrequencySeconds=1 pollingIntervalMs=1000 metricCount=2 metricKeys=gpu.usage_percent,gpu.model
2026-08-29T16:02:40.253Z INFO  BackgroundCollectionBinding: backgroundCollectionBindingStarted subscriberId=sd-AD4MA6191357S6.Default.Keypad.2.0 intervalMs=1000 metricCount=2 metricKeys=gpu.model,gpu.usage_percent
2026-08-29T16:02:40.262Z INFO  MetricStoreIngestDiagnostics: metricStoreFirstScalarDiagnosticSamples sourceId=node-system sourceScopeId=local groupKind=sourceDeclared groupId=cpu sampleCount=1 deferredSampleCount=0 samples=cpu.usage_percent=9.82263:1 intervalMs=1000
2026-08-29T16:02:40.266Z INFO  BackgroundCollectionBinding: backgroundCollectionBindingStopped subscriberId=sd-AD4MA6191357S6.Default.Keypad.0.0 metricCount=2
2026-08-29T16:02:40.266Z INFO  MetricAction: metricCollectionSubscriptionResolved actionId=sd-AD4MA6191357S6.Default.Keypad.0.0 actionKind=cpu pollingFrequencySeconds=1 pollingIntervalMs=1000 metricCount=2 metricKeys=cpu.usage_percent,cpu.model
2026-08-29T16:02:40.266Z INFO  BackgroundCollectionBinding: backgroundCollectionBindingStarted subscriberId=sd-AD4MA6191357S6.Default.Keypad.0.0 intervalMs=1000 metricCount=2 metricKeys=cpu.model,cpu.usage_percent
2026-08-29T16:02:40.267Z INFO  BackgroundCollectionBinding: backgroundCollectionBindingStopped subscriberId=sd-AD4MA6191357S6.Default.Keypad.2.0 metricCount=2
2026-08-29T16:02:40.267Z INFO  MetricAction: metricCollectionSubscriptionResolved actionId=sd-AD4MA6191357S6.Default.Keypad.2.0 actionKind=gpu pollingFrequencySeconds=1 pollingIntervalMs=1000 metricCount=2 metricKeys=gpu.usage_percent,gpu.model
2026-08-29T16:02:40.267Z INFO  BackgroundCollectionBinding: backgroundCollectionBindingStarted subscriberId=sd-AD4MA6191357S6.Default.Keypad.2.0 intervalMs=1000 metricCount=2 metricKeys=gpu.model,gpu.usage_percent
2026-08-29T16:02:40.267Z INFO  BackgroundCollectionBinding: backgroundCollectionBindingStopped subscriberId=sd-AD4MA6191357S6.Default.Keypad.0.0 metricCount=2
2026-08-29T16:02:40.267Z INFO  MetricAction: metricCollectionSubscriptionResolved actionId=sd-AD4MA6191357S6.Default.Keypad.0.0 actionKind=cpu pollingFrequencySeconds=1 pollingIntervalMs=1000 metricCount=2 metricKeys=cpu.usage_percent,cpu.model
2026-08-29T16:02:40.267Z INFO  BackgroundCollectionBinding: backgroundCollectionBindingStarted subscriberId=sd-AD4MA6191357S6.Default.Keypad.0.0 intervalMs=1000 metricCount=2 metricKeys=cpu.model,cpu.usage_percent
2026-08-29T16:02:40.267Z INFO  BackgroundCollectionBinding: backgroundCollectionBindingStopped subscriberId=sd-AD4MA6191357S6.Default.Keypad.2.0 metricCount=2
2026-08-29T16:02:40.267Z INFO  MetricAction: metricCollectionSubscriptionResolved actionId=sd-AD4MA6191357S6.Default.Keypad.2.0 actionKind=gpu pollingFrequencySeconds=1 pollingIntervalMs=1000 metricCount=2 metricKeys=gpu.usage_percent,gpu.model
2026-08-29T16:02:40.267Z INFO  BackgroundCollectionBinding: backgroundCollectionBindingStarted subscriberId=sd-AD4MA6191357S6.Default.Keypad.2.0 intervalMs=1000 metricCount=2 metricKeys=gpu.model,gpu.usage_percent
2026-08-29T16:02:40.271Z INFO  MetricStoreIngestDiagnostics: metricStoreFirstScalarDiagnosticSamples sourceId=node-system sourceScopeId=local groupKind=sourceDeclared groupId=cpu sampleCount=1 deferredSampleCount=0 samples=cpu.usage_percent=9.82263:1 intervalMs=1000
2026-08-29T16:02:40.274Z INFO  Source:WindowsHelper: windowsHelperDescriptorCatalogLoaded reason=descriptorLoaded descriptorCount=91 pollingGroupCount=18 fingerprint=hwmon:91:3317
2026-08-29T16:02:40.410Z INFO  MetricAction: metricCollectionSubscriptionResolved actionId=sd-AD4MA6191357S6.Default.Keypad.0.0 actionKind=cpu pollingFrequencySeconds=1 pollingIntervalMs=1000 metricCount=2 metricKeys=cpu.usage_percent,cpu.model
2026-08-29T16:02:40.411Z INFO  MetricAction: metricCollectionSubscriptionResolved actionId=sd-AD4MA6191357S6.Default.Keypad.2.0 actionKind=gpu pollingFrequencySeconds=1 pollingIntervalMs=1000 metricCount=2 metricKeys=gpu.usage_percent,gpu.model
2026-08-29T16:02:40.768Z INFO  HelperUpdateNotifier: helperUpdateCheckStarted installedVersion=0.1.0
2026-08-29T16:02:40.769Z INFO  HelperUpdateFeed: helperUpdateFeedResolved appcastUrl=https://shometrics.github.io/update/windows-appcast.xml channel=prod phasedRolloutGroup=none
2026-08-29T16:02:40.823Z INFO  MetricStoreIngestDiagnostics: metricStoreFirstScalarDiagnosticSamples sourceId=node-system sourceScopeId=local groupKind=sourceDeclared groupId=gpu sampleCount=6 deferredSampleCount=0 samples=gpu.usage_percent=4:1,gpu.temp=43:2,gpu.vram_used=2756706304:7,gpu.vram_total=34190917632:7,gpu.power=54.7800:5,gpu.power_limit=600:5 intervalMs=1000
2026-08-29T16:02:40.904Z INFO  HelperUpdateNotifier: helperUpdateNoticeResolved state=updateAvailable urgency=routine availableVersion=0.2.0 trigger=feedRead changed=true
2026-08-29T16:02:41.275Z INFO  MetricStoreIngestDiagnostics: metricStoreFirstScalarDiagnosticSamples sourceId=node-system sourceScopeId=local groupKind=sourceDeclared groupId=cpu sampleCount=1 deferredSampleCount=0 samples=cpu.base_frequency=4300000000:6 intervalMs=1000
2026-08-29T16:02:49.209Z INFO  CollectorGroupRunner: collectorGroupRefresh status=refreshed sourceId=node-system sourceScopeId=local groupKind=sourceDeclared groupId=gpu metricCount=1 subscriberCount=1 intervalMs=1000 durationMs=1209.024069000001 backoffDelayMs=0 error=
2026-08-29T16:03:20.955Z INFO  CollectorGroupRunner: collectorGroupRefresh status=refreshed sourceId=node-system sourceScopeId=local groupKind=sourceDeclared groupId=gpu metricCount=1 subscriberCount=1 intervalMs=1000 durationMs=1017.9653929999986 backoffDelayMs=0 error=
2026-08-29T16:04:11.429Z INFO  CollectorGroupRunner: collectorGroupRefresh status=refreshed sourceId=node-system sourceScopeId=local groupKind=sourceDeclared groupId=gpu metricCount=1 subscriberCount=1 intervalMs=1000 durationMs=1178.4408649999968 backoffDelayMs=0 error=
2026-08-29T16:04:52.127Z INFO  CollectorGroupRunner: collectorGroupRefresh status=refreshed sourceId=node-system sourceScopeId=local groupKind=sourceDeclared groupId=gpu metricCount=1 subscriberCount=1 intervalMs=1000 durationMs=1201.51509299998 backoffDelayMs=0 error=
2026-08-29T16:05:33.481Z INFO  CollectorGroupRunner: collectorGroupRefresh status=refreshed sourceId=node-system sourceScopeId=local groupKind=sourceDeclared groupId=gpu metricCount=1 subscriberCount=1 intervalMs=1000 durationMs=1223.6109660000075 backoffDelayMs=0 error=
2026-08-29T16:06:13.679Z INFO  CollectorGroupRunner: collectorGroupRefresh status=refreshed sourceId=node-system sourceScopeId=local groupKind=sourceDeclared groupId=gpu metricCount=1 subscriberCount=1 intervalMs=1000 durationMs=1178.8656199999969 backoffDelayMs=0 error=
2026-08-29T16:06:54.406Z INFO  CollectorGroupRunner: collectorGroupRefresh status=refreshed sourceId=node-system sourceScopeId=local groupKind=sourceDeclared groupId=gpu metricCount=1 subscriberCount=1 intervalMs=1000 durationMs=1216.0297819999978 backoffDelayMs=0 error=
